// Jest Snapshot v1, https://goo.gl/fbAQLP

exports[`SportNewsPage tests renders correctly 1`] = `
<div>
  <div>
    <nav>
      <ul>
        <li>
          The Sports Blog
        </li>
        <li>
          <a
            class="link"
            href="/"
          >
            HOME
          </a>
        </li>
        <li>
          <a
            class="link"
            href="/nba"
          >
            NBA
          </a>
        </li>
        <li>
          <a
            class="link"
            href="/nfl"
          >
            NFL
          </a>
        </li>
        <li>
          <a
            class="link"
            href="/nhl"
          >
            NHL
          </a>
        </li>
        <li>
          <a
            class="link"
            href="/mbl"
          >
            MBL
          </a>
        </li>
        <li>
          <a
            class="link"
            href="/soccer"
          >
            SOCCER
          </a>
        </li>
      </ul>
    </nav>
    <div
      class="container"
    >
      <ul
        class="articles"
      />
    </div>
    <footer>
      <ul>
        <li>
          <a
            class="link"
            href="/about"
          >
            About
          </a>
        </li>
        <li>
          <a
            class="link"
            href="/subscribe"
          >
            Subscribe
          </a>
        </li>
        <li>
          <a
            class="link"
            href="/privacy"
          >
            Privacy
          </a>
        </li>
      </ul>
    </footer>
  </div>
</div>
`;
