// Jest Snapshot v1, https://goo.gl/fbAQLP

exports[`AboutImage tests renders correctly 1`] = `
<div>
  <div
    class="container"
  >
    <h1>
      About Us
    </h1>
  </div>
</div>
`;
